ℹ === NHL Data Creation started ===
ℹ Processing seasons: 8

── Processing 7- season ────────────────────────────────────────────────────────
ℹ Downloading 7- schedule from nhl-raw
✖ Failed to read RDS from https://raw.githubusercontent.com/sportsdataverse/fastRhockey-nhl-raw/main/nhl/schedules/rds/nhl_schedule_8.rds: cannot open the connection to 'https://raw.githubusercontent.com/sportsdataverse/fastRhockey-nhl-raw/main/nhl/schedules/rds/nhl_schedule_8.rds'
ℹ Downloading 7- schedule from nhl-raw✖ Could not fetch schedule for 7-. Skipping.
ℹ Downloading 7- schedule from nhl-raw✔ Downloaded 7- schedule [179ms]

Warning message:
In readRDS(con) :
  cannot open URL 'https://raw.githubusercontent.com/sportsdataverse/fastRhockey-nhl-raw/main/nhl/schedules/rds/nhl_schedule_8.rds': HTTP status was '404 Not Found'
ℹ Building master schedule + nhl_games_in_data_repo
→ Uploading 3 files!
ℹ Building master schedule + nhl_games_in_data_repoℹ Start upload of 7 files to
<https://github.com/sportsdataverse/sportsdataverse-data/releases> @
nhl_schedules
ℹ Building master schedule + nhl_games_in_data_repo✔ Upload successfully completed.
ℹ Building master schedule + nhl_games_in_data_repo→ Uploaded 7 to sportsdataverse/sportsdataverse-data @ nhl_schedules on 2026-06-27 05:19:44.236074
ℹ Building master schedule + nhl_games_in_data_repo[1] "cli-213-33"
→ Uploading 3 files!
ℹ Building master schedule + nhl_games_in_data_repoℹ Start upload of 7 files to
<https://github.com/sportsdataverse/sportsdataverse-data/releases> @
nhl_schedules
ℹ Building master schedule + nhl_games_in_data_repo✔ Upload successfully completed.
ℹ Building master schedule + nhl_games_in_data_repo→ Uploaded 7 to sportsdataverse/sportsdataverse-data @ nhl_schedules on 2026-06-27 05:19:47.678033
ℹ Building master schedule + nhl_games_in_data_repo[1] "cli-213-44"
✔ 22002 total schedule rows, 21897 with PBP
ℹ Building master schedule + nhl_games_in_data_repoℹ === NHL Data Creation complete ===
ℹ Building master schedule + nhl_games_in_data_repo
ℹ Building master schedule + nhl_games_in_data_repo── All done! ───────────────────────────────────────────────────────────────────
ℹ Building master schedule + nhl_games_in_data_repoOn branch main
Your branch is up to date with 'origin/main'.

nothing to commit, working tree clean
No changes to commit
Everything up-to-date
