ℹ === NHL Data Creation started ===
ℹ Processing seasons: 45

── Processing 44- season ───────────────────────────────────────────────────────
ℹ Downloading 44- schedule from nhl-raw
✖ Failed to read RDS from https://raw.githubusercontent.com/sportsdataverse/fastRhockey-nhl-raw/main/nhl/schedules/rds/nhl_schedule_45.rds: cannot open the connection to 'https://raw.githubusercontent.com/sportsdataverse/fastRhockey-nhl-raw/main/nhl/schedules/rds/nhl_schedule_45.rds'
ℹ Downloading 44- schedule from nhl-raw✖ Could not fetch schedule for 44-. Skipping.
ℹ Downloading 44- schedule from nhl-raw✔ Downloaded 44- schedule [70ms]

Warning message:
In readRDS(con) :
  cannot open URL 'https://raw.githubusercontent.com/sportsdataverse/fastRhockey-nhl-raw/main/nhl/schedules/rds/nhl_schedule_45.rds': HTTP status was '404 Not Found'
ℹ Building master schedule + nhl_games_in_data_repo
→ Uploading 3 files!
ℹ Building master schedule + nhl_games_in_data_repoℹ Start upload of 7 files to
<https://github.com/sportsdataverse/sportsdataverse-data/releases> @
nhl_schedules
ℹ Building master schedule + nhl_games_in_data_repo✔ Upload successfully completed.
ℹ Building master schedule + nhl_games_in_data_repo→ Uploaded 7 to sportsdataverse/sportsdataverse-data @ nhl_schedules on 2026-06-27 19:53:15.843888
ℹ Building master schedule + nhl_games_in_data_repo[1] "cli-213-33"
→ Uploading 3 files!
ℹ Building master schedule + nhl_games_in_data_repoℹ Start upload of 7 files to
<https://github.com/sportsdataverse/sportsdataverse-data/releases> @
nhl_schedules
ℹ Building master schedule + nhl_games_in_data_repoHTTP 404: Not Found (https://uploads.github.com/repos/sportsdataverse/sportsdataverse-data/releases/306105397/assets?label=&name=nhl_games_in_data_repo.parquet)
→ Uploading 3 files!
ℹ Building master schedule + nhl_games_in_data_repoℹ Start upload of 7 files to
<https://github.com/sportsdataverse/sportsdataverse-data/releases> @
nhl_schedules
ℹ Building master schedule + nhl_games_in_data_repo✔ Upload successfully completed.
ℹ Building master schedule + nhl_games_in_data_repo→ Uploaded 7 to sportsdataverse/sportsdataverse-data @ nhl_schedules on 2026-06-27 19:53:20.622201
ℹ Building master schedule + nhl_games_in_data_repo[1] "cli-213-58"
✔ 22002 total schedule rows, 21897 with PBP
ℹ Building master schedule + nhl_games_in_data_repoℹ === NHL Data Creation complete ===
ℹ Building master schedule + nhl_games_in_data_repo
ℹ Building master schedule + nhl_games_in_data_repo── All done! ───────────────────────────────────────────────────────────────────
ℹ Building master schedule + nhl_games_in_data_repoOn branch main
Your branch is up to date with 'origin/main'.

nothing to commit, working tree clean
No changes to commit
Everything up-to-date
