ℹ === NHL Data Creation started ===
ℹ Processing seasons: 36

── Processing 35- season ───────────────────────────────────────────────────────
ℹ Downloading 35- schedule from nhl-raw
✖ Failed to read RDS from https://raw.githubusercontent.com/sportsdataverse/fastRhockey-nhl-raw/main/nhl/schedules/rds/nhl_schedule_36.rds: cannot open the connection to 'https://raw.githubusercontent.com/sportsdataverse/fastRhockey-nhl-raw/main/nhl/schedules/rds/nhl_schedule_36.rds'
ℹ Downloading 35- schedule from nhl-raw✖ Could not fetch schedule for 35-. Skipping.
ℹ Downloading 35- schedule from nhl-raw✔ Downloaded 35- schedule [65ms]

Warning message:
In readRDS(con) :
  cannot open URL 'https://raw.githubusercontent.com/sportsdataverse/fastRhockey-nhl-raw/main/nhl/schedules/rds/nhl_schedule_36.rds': HTTP status was '404 Not Found'
ℹ Building master schedule + nhl_games_in_data_repo
→ Uploading 3 files!
ℹ Building master schedule + nhl_games_in_data_repoℹ Start upload of 7 files to
<https://github.com/sportsdataverse/sportsdataverse-data/releases> @
nhl_schedules
ℹ Building master schedule + nhl_games_in_data_repoHTTP 422: Validation Failed (https://uploads.github.com/repos/sportsdataverse/sportsdataverse-data/releases/306105397/assets?label=&name=package_function.json)
ReleaseAsset.name already exists
→ Uploading 3 files!
ℹ Building master schedule + nhl_games_in_data_repoℹ Start upload of 7 files to
<https://github.com/sportsdataverse/sportsdataverse-data/releases> @
nhl_schedules
ℹ Building master schedule + nhl_games_in_data_repo✔ Upload successfully completed.
ℹ Building master schedule + nhl_games_in_data_repo→ Uploaded 7 to sportsdataverse/sportsdataverse-data @ nhl_schedules on 2026-06-27 19:51:37.198831
ℹ Building master schedule + nhl_games_in_data_repo[1] "cli-213-47"
→ Uploading 3 files!
ℹ Building master schedule + nhl_games_in_data_repoℹ Start upload of 7 files to
<https://github.com/sportsdataverse/sportsdataverse-data/releases> @
nhl_schedules
ℹ Building master schedule + nhl_games_in_data_repo✔ Upload successfully completed.
ℹ Building master schedule + nhl_games_in_data_repo→ Uploaded 7 to sportsdataverse/sportsdataverse-data @ nhl_schedules on 2026-06-27 19:51:40.148608
ℹ Building master schedule + nhl_games_in_data_repo[1] "cli-213-58"
✔ 22002 total schedule rows, 21897 with PBP
ℹ Building master schedule + nhl_games_in_data_repoℹ === NHL Data Creation complete ===
ℹ Building master schedule + nhl_games_in_data_repo
ℹ Building master schedule + nhl_games_in_data_repo── All done! ───────────────────────────────────────────────────────────────────
ℹ Building master schedule + nhl_games_in_data_repoFrom https://github.com/sportsdataverse/fastRhockey-nhl-data
   cddeb67..340eefe  main       -> origin/main
On branch main
Your branch is up to date with 'origin/main'.

nothing to commit, working tree clean
No changes to commit
Everything up-to-date
